#-----------------------------------------------------------
# Vivado v2017.3 (64-bit)
# SW Build 2018833 on Wed Oct  4 19:58:07 MDT 2017
# IP Build 2016188 on Wed Oct  4 21:52:56 MDT 2017
# Start of session at: Mon Mar  5 11:17:56 2018
# Process ID: 11241
# Current directory: /home/chiwei/work/checkout/fc32.git/xilinx_ip/pcie4_uscale_plus_1_ex
# Command line: vivado -notrace -source /home/chiwei/work/checkout/fc32.git/xilinx_ip/pcie4_uscale_plus/pcie_gen3x8.srcs/sources_1/ip/pcie4_uscale_plus_1/pcie4_uscale_plus_1_ex.tcl
# Log file: /home/chiwei/work/checkout/fc32.git/xilinx_ip/pcie4_uscale_plus_1_ex/vivado.log
# Journal file: /home/chiwei/work/checkout/fc32.git/xilinx_ip/pcie4_uscale_plus_1_ex/vivado.jou
#-----------------------------------------------------------
start_gui
source /home/chiwei/work/checkout/fc32.git/xilinx_ip/pcie4_uscale_plus/pcie_gen3x8.srcs/sources_1/ip/pcie4_uscale_plus_1/pcie4_uscale_plus_1_ex.tcl -notrace
update_compile_order -fileset sources_1
update_compile_order -fileset sim_1
